2026-06-05 23:27:15 [INFO] 📁 Loaded 22 file-based commands
2026-06-05 23:27:24 [INFO] ✅ Logged in as Algorithm#3292
2026-06-05 23:27:24 [INFO] 🌐 Serving 1 guild(s)
2026-06-05 23:27:28 [INFO] 📦 Loaded 0 dashboard commands from MongoDB
2026-06-05 23:27:28 [INFO] 📊 Total commands ready: 22 — cleanup, createinvite, export, exportforumposts, exportinvites, exportmessages, fetchreactions, findids, generate, help, joinedafter, listusers, membertrend, ping, quote, reactafter, repost, rolemanage, schedule, serverinfo, status, userinfo
2026-06-05 23:27:28 [INFO] 🟢 Presence set: idle / Listening siuuuu
2026-06-05 23:27:56 [INFO] /generate used by abh1nav. in guild 1180796521847988354 (components-v2-r5)
2026-06-05 23:27:56 [INFO] ✅ abh1nav. used /generate in Abhinav's server
2026-06-05 23:33:53 [INFO] 📁 Loaded 22 file-based commands
2026-06-05 23:33:55 [INFO] ✅ Logged in as Algorithm#3292
2026-06-05 23:33:55 [INFO] 🌐 Serving 1 guild(s)
2026-06-05 23:33:56 [INFO] 📦 Loaded 0 dashboard commands from MongoDB
2026-06-05 23:33:56 [INFO] 📊 Total commands ready: 22 — cleanup, createinvite, export, exportforumposts, exportinvites, exportmessages, fetchreactions, findids, generate, help, joinedafter, listusers, membertrend, ping, quote, reactafter, repost, rolemanage, schedule, serverinfo, status, userinfo
2026-06-05 23:33:56 [INFO] 🟢 Presence set: idle / Listening siuuuu
2026-06-05 23:34:02 [INFO] /generate used by abh1nav. in guild 1180796521847988354 (components-v2-r5)
2026-06-05 23:34:02 [INFO] ✅ abh1nav. used /generate in Abhinav's server
2026-06-05 23:35:08 [INFO] 📁 Loaded 22 file-based commands
2026-06-05 23:35:10 [INFO] 📦 Loaded 0 dashboard commands from MongoDB
2026-06-05 23:35:11 [INFO] ✅ Logged in as Algorithm#3292
2026-06-05 23:35:11 [INFO] 🌐 Serving 1 guild(s)
2026-06-05 23:35:11 [INFO] 📊 Total commands ready: 22 — cleanup, createinvite, export, exportforumposts, exportinvites, exportmessages, fetchreactions, findids, generate, help, joinedafter, listusers, membertrend, ping, quote, reactafter, repost, rolemanage, schedule, serverinfo, status, userinfo
2026-06-05 23:35:11 [INFO] 🟢 Presence set: idle / Listening siuuuu
2026-06-05 23:35:20 [INFO] /generate used by abh1nav. in guild 1180796521847988354 (components-v2-r5)
2026-06-05 23:35:20 [INFO] ✅ abh1nav. used /generate in Abhinav's server
2026-06-05 23:35:37 [INFO] /generate used by abh1nav. in guild 1180796521847988354 (components-v2-r5)
2026-06-05 23:35:37 [INFO] ✅ abh1nav. used /generate in Abhinav's server
2026-06-05 23:36:16 [INFO] 📁 Loaded 22 file-based commands
2026-06-05 23:36:17 [INFO] 📦 Loaded 0 dashboard commands from MongoDB
2026-06-05 23:36:17 [INFO] ✅ Logged in as Algorithm#3292
2026-06-05 23:36:17 [INFO] 🌐 Serving 1 guild(s)
2026-06-05 23:36:17 [INFO] 📊 Total commands ready: 22 — cleanup, createinvite, export, exportforumposts, exportinvites, exportmessages, fetchreactions, findids, generate, help, joinedafter, listusers, membertrend, ping, quote, reactafter, repost, rolemanage, schedule, serverinfo, status, userinfo
2026-06-05 23:36:17 [INFO] 🟢 Presence set: idle / Listening siuuuu
2026-06-05 23:36:21 [INFO] /generate used by abh1nav. in guild 1180796521847988354 (components-v2-r5)
2026-06-05 23:36:21 [INFO] ✅ abh1nav. used /generate in Abhinav's server
2026-06-05 23:36:45 [INFO] 📁 Loaded 22 file-based commands
2026-06-05 23:36:46 [INFO] 📦 Loaded 0 dashboard commands from MongoDB
2026-06-05 23:36:47 [INFO] ✅ Logged in as Algorithm#3292
2026-06-05 23:36:47 [INFO] 🌐 Serving 1 guild(s)
2026-06-05 23:36:47 [INFO] 📊 Total commands ready: 22 — cleanup, createinvite, export, exportforumposts, exportinvites, exportmessages, fetchreactions, findids, generate, help, joinedafter, listusers, membertrend, ping, quote, reactafter, repost, rolemanage, schedule, serverinfo, status, userinfo
2026-06-05 23:36:47 [INFO] 🟢 Presence set: idle / Listening siuuuu
2026-06-05 23:36:53 [INFO] /generate used by abh1nav. in guild 1180796521847988354 (components-v2-r5)
2026-06-05 23:36:53 [INFO] ✅ abh1nav. used /generate in Abhinav's server
2026-06-07 20:03:42 [INFO] 📁 Loaded 22 file-based commands
2026-06-07 20:03:44 [INFO] 📦 Loaded 0 dashboard commands from MongoDB
2026-06-07 20:03:44 [INFO] ✅ Logged in as Algorithm#3292
2026-06-07 20:03:44 [INFO] 🌐 Serving 1 guild(s)
2026-06-07 20:03:44 [INFO] 📊 Total commands ready: 22 — cleanup, createinvite, export, exportforumposts, exportinvites, exportmessages, fetchreactions, findids, generate, help, joinedafter, listusers, membertrend, ping, quote, reactafter, repost, rolemanage, schedule, serverinfo, status, userinfo
2026-06-07 20:03:44 [INFO] 🟢 Presence set: idle / Listening siuuuu
2026-06-07 20:04:10 [INFO] /generate used by abh1nav. in guild 1180796521847988354 (components-v2-r5)
2026-06-07 20:04:10 [INFO] ✅ abh1nav. used /generate in Abhinav's server
2026-06-07 20:06:08 [INFO] 🛑 Received SIGINT, shutting down gracefully...
2026-06-07 20:06:16 [INFO] 📁 Loaded 22 file-based commands
2026-06-07 20:06:17 [INFO] 📦 Loaded 0 dashboard commands from MongoDB
2026-06-07 20:06:17 [INFO] ✅ Logged in as Algorithm#3292
2026-06-07 20:06:17 [INFO] 🌐 Serving 1 guild(s)
2026-06-07 20:06:17 [INFO] 📊 Total commands ready: 22 — cleanup, createinvite, export, exportforumposts, exportinvites, exportmessages, fetchreactions, findids, generate, help, joinedafter, listusers, membertrend, ping, quote, reactafter, repost, rolemanage, schedule, serverinfo, status, userinfo
2026-06-07 20:06:17 [INFO] 🟢 Presence set: idle / Listening siuuuu
2026-06-07 20:06:22 [INFO] /generate used by abh1nav. in guild 1180796521847988354 (components-v2-r5)
2026-06-07 20:06:22 [INFO] ✅ abh1nav. used /generate in Abhinav's server
